            --------------------------------------------------------
                             AMBER SQM VERSION 19
 
                                     By
              Ross C. Walker, Michael F. Crowley, Scott Brozell,
                         Tim Giese, Andreas W. Goetz,
                        Tai-Sung Lee and David A. Case
 
            --------------------------------------------------------
 

--------------------------------------------------------------------------------
  QM CALCULATION INFO
--------------------------------------------------------------------------------

| QMMM: Citation for AMBER QMMM Run:
| QMMM: R.C. Walker, M.F. Crowley and D.A. Case, J. COMP. CHEM. 29:1019, 2008

QMMM: SINGLET STATE CALCULATION
QMMM: RHF CALCULATION, NO. OF DOUBLY OCCUPIED LEVELS = 30

| QMMM: *** Selected Hamiltonian *** 
| QMMM: AM1         

| QMMM: *** Parameter sets in use ***
| QMMM: C : M.J.S.DEWAR et al. JACS, 107, 3902, (1985)
| QMMM: O : M.J.S.DEWAR et al. JACS, 107, 3902, (1985)
| QMMM: H : M.J.S.DEWAR et al. JACS, 107, 3902, (1985)

| QMMM: *** SCF convergence criteria ***
| QMMM: Energy change                :  0.1D-09 kcal/mol
| QMMM: Error matrix |FP-PF|         :  0.1D+00 au
| QMMM: Density matrix change        :  0.5D-06
| QMMM: Maximum number of SCF cycles :     1000

| QMMM: *** Diagonalization Routine Information ***
| QMMM: Pseudo diagonalizations are allowed.
| QMMM: Auto diagonalization routine selection is in use.
| QMMM:
| QMMM: Timing diagonalization routines:
| QMMM:                              norbs =       58
| QMMM:    diag iterations used for timing =       15
| QMMM:
| QMMM:              Internal diag routine = 0.005441 seconds
| QMMM:                 Dspev diag routine = 0.005074 seconds
| QMMM:                Dspevd diag routine = 0.004393 seconds
| QMMM:                Dspevx diag routine = 0.023331 seconds
| QMMM:                 Dsyev diag routine = 0.005821 seconds
| QMMM:                Dsyevd diag routine = 0.005357 seconds
| QMMM:                Dsyevr diag routine = 0.005928 seconds
| QMMM:
| QMMM:                Pseudo diag routine = 0.001728 seconds
| QMMM:
| QMMM: Using dspevd routine (diag_routine=3).

  QMMM: QM Region Cartesian Coordinates (*=link atom) 
  QMMM: QM_NO.   MM_NO.  ATOM         X         Y         Z
  QMMM:     1        1      C       24.3290  -24.0030   -0.1310
  QMMM:     2        2      C       21.3630  -27.2350   -4.1970
  QMMM:     3        3      C       21.9840  -26.7460   -5.5050
  QMMM:     4        4      C       22.9690  -25.5980   -5.3210
  QMMM:     5        5      C       22.4050  -24.5060   -4.4120
  QMMM:     6        6      C       21.9660  -26.5750   -2.9610
  QMMM:     7        7      C       21.8980  -25.0400   -3.0480
  QMMM:     8        8      C       22.4640  -24.3520   -1.7870
  QMMM:     9        9      C       23.9000  -24.7210   -1.4040
  QMMM:    10       10      O       23.3480  -23.4500   -4.2820
  QMMM:    11       11      H       25.3600  -24.2660    0.1230
  QMMM:    12       12      H       24.2730  -22.9170   -0.2520
  QMMM:    13       13      H       23.6910  -24.2900    0.7110
  QMMM:    14       14      H       20.2840  -27.0430   -4.2180
  QMMM:    15       15      H       21.4750  -28.3240   -4.1220
  QMMM:    16       16      H       22.4890  -27.5780   -6.0100
  QMMM:    17       17      H       21.1800  -26.4290   -6.1810
  QMMM:    18       18      H       23.9110  -25.9780   -4.9050
  QMMM:    19       19      H       23.2370  -25.1730   -6.2960
  QMMM:    20       20      H       21.5450  -24.0600   -4.9280
  QMMM:    21       21      H       21.4330  -26.9220   -2.0680
  QMMM:    22       22      H       23.0030  -26.9140   -2.8580
  QMMM:    23       23      H       20.8230  -24.7980   -3.0350
  QMMM:    24       24      H       22.3790  -23.2640   -1.9000
  QMMM:    25       25      H       21.8110  -24.6130   -0.9420
  QMMM:    26       26      H       24.5970  -24.4640   -2.2050
  QMMM:    27       27      H       23.9880  -25.7980   -1.2310
  QMMM:    28       28      H       24.2340  -23.8400   -4.1900

--------------------------------------------------------------------------------
  RESULTS
--------------------------------------------------------------------------------

      iter         sqm energy              rms gradient
      ----    -------------------    -----------------------
xmin    10      -95.2921 kcal/mol        0.2201 kcal/(mol*A)
xmin    20      -95.5049 kcal/mol        0.1614 kcal/(mol*A)
xmin    30      -95.8409 kcal/mol        0.1210 kcal/(mol*A)
xmin    40      -95.9149 kcal/mol        0.1517 kcal/(mol*A)
xmin    50      -95.9329 kcal/mol        0.0121 kcal/(mol*A)
xmin    60      -95.9333 kcal/mol        0.0012 kcal/(mol*A)
  ... geometry converged !
 
 Final MO eigenvalues (eV):
 -40.3973  -36.5380  -35.5842  -31.8707  -30.1444  -26.9318  -24.2773  -23.1375
 -21.2852  -19.6127  -17.6277  -16.9979  -15.9874  -15.9000  -15.2155  -14.6730
 -14.2751  -14.2340  -13.2771  -13.0924  -12.8835  -12.7937  -12.5958  -12.0820
 -11.8510  -11.5903  -11.4841  -11.3033  -10.6802  -10.4722    3.4196    3.5166
   3.5736    3.7198    3.8581    3.9056    4.0067    4.0642    4.1632    4.2674
   4.3804    4.4199    4.5204    4.5587    4.6400    4.6639    4.7956    4.8390
   4.9558    4.9945    5.0256    5.0743    5.1205    5.1746    5.2473    5.2825
   5.3410    6.4905

 Heat of formation   =        -95.93327338 kcal/mol  (       -4.15997890 eV)

 Total SCF energy    =     -39726.74058785 kcal/mol  (    -1722.68074185 eV)
 Electronic energy   =    -226554.19579490 kcal/mol  (    -9824.12713217 eV)
 Core-core repulsion =     186827.45520704 kcal/mol  (     8101.44639031 eV)
 
    Atomic Charges for Step       1 :
  Atom    Element       Mulliken Charge
     1      C                 -0.213
     2      C                 -0.157
     3      C                 -0.151
     4      C                 -0.188
     5      C                  0.035
     6      C                 -0.152
     7      C                 -0.128
     8      C                 -0.159
     9      C                 -0.161
    10      O                 -0.324
    11      H                  0.073
    12      H                  0.073
    13      H                  0.075
    14      H                  0.079
    15      H                  0.080
    16      H                  0.079
    17      H                  0.080
    18      H                  0.079
    19      H                  0.092
    20      H                  0.110
    21      H                  0.080
    22      H                  0.084
    23      H                  0.089
    24      H                  0.094
    25      H                  0.081
    26      H                  0.072
    27      H                  0.081
    28      H                  0.198
 Total Mulliken Charge =      -0.000
 
                  X        Y        Z     TOTAL  
  QM DIPOLE     0.391   -1.504    0.603    1.667
 
 Final Structure

  QMMM: QM Region Cartesian Coordinates (*=link atom) 
  QMMM: QM_NO.   MM_NO.  ATOM         X         Y         Z
  QMMM:     1        1      C       24.6269  -24.0729   -0.5648
  QMMM:     2        2      C       21.3263  -27.1242   -4.2952
  QMMM:     3        3      C       22.2906  -26.7257   -5.3973
  QMMM:     4        4      C       23.0519  -25.4605   -5.0600
  QMMM:     5        5      C       22.1793  -24.4845   -4.2760
  QMMM:     6        6      C       21.7671  -26.5864   -2.9504
  QMMM:     7        7      C       21.7285  -25.0650   -2.9238
  QMMM:     8        8      C       22.4551  -24.4979   -1.7162
  QMMM:     9        9      C       23.8932  -24.9445   -1.5528
  QMMM:    10       10      O       22.8092  -23.2218   -4.1610
  QMMM:    11       11      H       25.6708  -24.4426   -0.4216
  QMMM:    12       12      H       24.6729  -23.0173   -0.9272
  QMMM:    13       13      H       24.1103  -24.0804    0.4253
  QMMM:    14       14      H       20.3019  -26.7317   -4.5308
  QMMM:    15       15      H       21.2501  -28.2414   -4.2462
  QMMM:    16       16      H       23.0250  -27.5537   -5.5779
  QMMM:    17       17      H       21.7196  -26.5800   -6.3516
  QMMM:    18       18      H       23.9636  -25.7121   -4.4578
  QMMM:    19       19      H       23.4020  -24.9603   -6.0000
  QMMM:    20       20      H       21.2570  -24.2539   -4.8881
  QMMM:    21       21      H       21.0985  -26.9836   -2.1430
  QMMM:    22       22      H       22.8053  -26.9516   -2.7348
  QMMM:    23       23      H       20.6471  -24.7576   -2.8038
  QMMM:    24       24      H       22.4182  -23.3760   -1.7777
  QMMM:    25       25      H       21.8849  -24.7944   -0.7949
  QMMM:    26       26      H       24.4223  -24.9179   -2.5418
  QMMM:    27       27      H       23.9206  -26.0089   -1.1974
  QMMM:    28       28      H       23.6408  -23.3503   -3.6885

           --------- Calculation Completed ----------

